String	String
2	n
3	acc
3	n
4	acc
4	i
4	n
5	acc
5	i
5	n
6	acc
6	i
6	n
7	acc
8	acc
9	acc
9	res
10	acc
10	res
10	a
11	acc
11	res
11	a
11	b
12	acc
12	res
12	a
12	b
12	i
13	res
14	acc
14	res
14	a
14	b
14	i
15	acc
15	res
15	a
15	b
15	i
16	acc
16	res
16	b
16	i
16	tmp
17	acc
17	res
17	a
17	i
17	tmp
18	acc
18	res
18	a
18	b
18	i
